// Jest Snapshot v1, https://goo.gl/fbAQLP

exports[`renders the Table component 1`] = `
Object {
  "asFragment": [Function],
  "baseElement": <body>
    <div>
      <table
        class="customTable"
        role="table"
      >
        <thead>
          <tr
            role="row"
          >
            <th
              colspan="2"
              role="columnheader"
            >
              Test Header
            </th>
          </tr>
          <tr
            role="row"
          >
            <th
              colspan="1"
              role="columnheader"
            >
              ID
            </th>
            <th
              colspan="1"
              role="columnheader"
            >
              Test Data
            </th>
          </tr>
        </thead>
        <tbody
          role="rowgroup"
        >
          <tr
            role="row"
          >
            <td
              role="cell"
            >
              1
            </td>
            <td
              role="cell"
            >
              Test 1
            </td>
          </tr>
          <tr
            role="row"
          >
            <td
              role="cell"
            >
              2
            </td>
            <td
              role="cell"
            >
              Test 2
            </td>
          </tr>
        </tbody>
      </table>
    </div>
  </body>,
  "container": <div>
    <table
      class="customTable"
      role="table"
    >
      <thead>
        <tr
          role="row"
        >
          <th
            colspan="2"
            role="columnheader"
          >
            Test Header
          </th>
        </tr>
        <tr
          role="row"
        >
          <th
            colspan="1"
            role="columnheader"
          >
            ID
          </th>
          <th
            colspan="1"
            role="columnheader"
          >
            Test Data
          </th>
        </tr>
      </thead>
      <tbody
        role="rowgroup"
      >
        <tr
          role="row"
        >
          <td
            role="cell"
          >
            1
          </td>
          <td
            role="cell"
          >
            Test 1
          </td>
        </tr>
        <tr
          role="row"
        >
          <td
            role="cell"
          >
            2
          </td>
          <td
            role="cell"
          >
            Test 2
          </td>
        </tr>
      </tbody>
    </table>
  </div>,
  "debug": [Function],
  "findAllByAltText": [Function],
  "findAllByDisplayValue": [Function],
  "findAllByLabelText": [Function],
  "findAllByPlaceholderText": [Function],
  "findAllByRole": [Function],
  "findAllByTestId": [Function],
  "findAllByText": [Function],
  "findAllByTitle": [Function],
  "findByAltText": [Function],
  "findByDisplayValue": [Function],
  "findByLabelText": [Function],
  "findByPlaceholderText": [Function],
  "findByRole": [Function],
  "findByTestId": [Function],
  "findByText": [Function],
  "findByTitle": [Function],
  "getAllByAltText": [Function],
  "getAllByDisplayValue": [Function],
  "getAllByLabelText": [Function],
  "getAllByPlaceholderText": [Function],
  "getAllByRole": [Function],
  "getAllByTestId": [Function],
  "getAllByText": [Function],
  "getAllByTitle": [Function],
  "getByAltText": [Function],
  "getByDisplayValue": [Function],
  "getByLabelText": [Function],
  "getByPlaceholderText": [Function],
  "getByRole": [Function],
  "getByTestId": [Function],
  "getByText": [Function],
  "getByTitle": [Function],
  "queryAllByAltText": [Function],
  "queryAllByDisplayValue": [Function],
  "queryAllByLabelText": [Function],
  "queryAllByPlaceholderText": [Function],
  "queryAllByRole": [Function],
  "queryAllByTestId": [Function],
  "queryAllByText": [Function],
  "queryAllByTitle": [Function],
  "queryByAltText": [Function],
  "queryByDisplayValue": [Function],
  "queryByLabelText": [Function],
  "queryByPlaceholderText": [Function],
  "queryByRole": [Function],
  "queryByTestId": [Function],
  "queryByText": [Function],
  "queryByTitle": [Function],
  "rerender": [Function],
  "unmount": [Function],
}
`;
